src/components/controls/LocationTimePicker.tsx(1,20): error TS6133: 'useRef' is declared but its value is never read.
src/components/controls/LocationTimePicker.tsx(1,28): error TS6133: 'useEffect' is declared but its value is never read.
src/components/controls/LocationTimePicker.tsx(99,43): error TS6133: 'customLocation' is declared but its value is never read.
src/components/output/PromptOutput.tsx(7,23): error TS1484: 'ParsedPrompt' is a type and must be imported using a type-only import when 'verbatimModuleSyntax' is enabled.
src/components/ui/Slider.tsx(1,28): error TS6133: 'useEffect' is declared but its value is never read.
src/components/viewport/Scene3D.tsx(1,18): error TS6133: 'useMemo' is declared but its value is never read.
src/components/viewport/Scene3D.tsx(5,1): error TS6133: 'useSceneStore' is declared but its value is never read.
src/hooks/useKeyboardShortcuts.ts(11,49): error TS6133: 'setCopied' is declared but its value is never read.
src/utils/cameraCalculations.ts(1,1): error TS6133: 'CameraAngles' is declared but its value is never read.
